OPTLINK : Warning 23: No Stack 
PlainDefs.obj(PlainDefs) 
 Error 42: Symbol Undefined __vtbl_9ClassInfo
PlainVue.obj(PlainVue) 
 Error 42: Symbol Undefined _D9invariant12_d_invariantFC6ObjectZv
PlainVue.obj(PlainVue) 
 Error 42: Symbol Undefined _D4pgfx8PgfxDefs18PgfxCurrentDisplayS4pgfx8PgfxDefs15PgfxDisplayFull
PlainVue.obj(PlainVue) 
 Error 42: Symbol Undefined __d_assert
PlainVue.obj(PlainVue) 
 Error 42: Symbol Undefined __d_newclass
PlainVue.obj(PlainVue) 
 Error 42: Symbol Undefined _D6object6Object8opEqualsFC6ObjectZi
PlainVue.obj(PlainVue) 
 Error 42: Symbol Undefined _D6object6Object5opCmpFC6ObjectZi
PlainVue.obj(PlainVue) 
 Error 42: Symbol Undefined _D6object6Object6toHashFZk
PlainVue.obj(PlainVue) 
 Error 42: Symbol Undefined _D6object6Object8toStringFZAa
PlainVue.obj(PlainVue) 
 Error 42: Symbol Undefined _D6object6Object5printFZv
PlainVue.obj(PlainVue) 
 Error 42: Symbol Undefined __Class_6Object
PlainContainer.obj(PlainContainer) 
 Error 42: Symbol Undefined __d_array_bounds

 Start  Stop   Length Name                   Class
 00000H 005DEH 005DFH _TEXT                  CODE 32-bit
 005E0H 00ACFH 004F0H _DATA                  DATA 32-bit
 00AD0H 00AD0H 00000H FMB                    DATA 32-bit
 00AD0H 00ADBH 0000CH FM                     DATA 32-bit
 00ADCH 00ADCH 00000H FME                    DATA 32-bit
 00AE0H 00AE0H 00000H CONST                  CONST 32-bit
 00AE0H 00B63H 00084H _BSS                   BSS 32-bit

 Origin   Group
 FFFF:F   FLAT
OPTLINK : Warning 134: No Start Address 
